// Jest Snapshot v1, https://goo.gl/fbAQLP

exports[`src/controls/formSelect should match snapshot 1`] = `
<select
  name="fieldName"
  onBlur={[Function]}
  onChange={[Function]}
  value=""
>
  <option
    value="1"
  >
    One
  </option>
  <option
    value="1"
  >
    One
  </option>
</select>
`;
